// Jest Snapshot v1, https://goo.gl/fbAQLP

exports[`should render CurrentForecast correctly 1`] = `
<div
  className="forecast"
>
  <div
    className="forecast-form-primary"
  >
    <form
      onSubmit={[Function]}
    >
      <input
        placeholder="city name (, country name)"
        type="text"
      />
      <button
        type="submit"
      >
        Submit
      </button>
    </form>
  </div>
  <ForecastSummary
    error={
      Object {
        "msg": undefined,
      }
    }
  />
</div>
`;
